../Core/Src/main.c:113:5:main	8	static
../Core/Src/main.c:207:6:SystemClock_Config	88	static
../Core/Src/main.c:254:13:MX_SPI1_Init	8	static
../Core/Src/main.c:292:13:MX_TIM2_Init	32	static
../Core/Src/main.c:337:13:MX_USART2_UART_Init	8	static
../Core/Src/main.c:370:13:MX_GPIO_Init	48	static
../Core/Src/main.c:441:6:StartDefaultTask	16	static
../Core/Src/main.c:461:6:StartTask03	16	static
../Core/Src/main.c:481:6:StartTask04	24	static
../Core/Src/main.c:507:6:StartTask05	144	static
../Core/Src/main.c:577:6:Error_Handler	4	static,ignoring_inline_asm
