../Core/Src/RC552.c:10:9:RC522_SPI_Transfer	32	static
../Core/Src/RC552.c:24:6:Write_MFRC522	16	static
../Core/Src/RC552.c:48:7:Read_MFRC522	24	static
../Core/Src/RC552.c:77:6:SetBitMask	24	static
../Core/Src/RC552.c:90:6:ClearBitMask	24	static
../Core/Src/RC552.c:103:6:AntennaOn	8	static
../Core/Src/RC552.c:116:6:AntennaOff	8	static
../Core/Src/RC552.c:127:6:MFRC522_Reset	8	static
../Core/Src/RC552.c:138:6:MFRC522_Init	8	static
../Core/Src/RC552.c:166:7:MFRC522_ToCard	48	static
../Core/Src/RC552.c:247:7:MFRC522_Request	32	static
../Core/Src/RC552.c:274:7:MFRC522_Anticoll	64	static
../Core/Src/RC552.c:311:6:CalulateCRC	40	static
../Core/Src/RC552.c:345:7:MFRC522_SelectTag	48	static
../Core/Src/RC552.c:388:7:MFRC522_Auth	56	static
../Core/Src/RC552.c:422:7:MFRC522_Read	32	static
../Core/Src/RC552.c:446:7:MFRC522_Write	56	static
../Core/Src/RC552.c:487:6:MFRC522_Halt	24	static
